Conversión de STEP a Solid Edge
Fecha: miércoles,febrero 28,2024 01:17p. m.
Archivo fuente: C:\Users\Francisco\Mis docs\Trabajo\Portfolio\Robot balancín\Archivos 3D\DC motor.stp
Autor: Unknown
Organización: Unknown
Sistema de origen: DEX

Equipo:
Procesador: Intel(R) Pentium(R) CPU 3560M @ 2.40GHz
Sistema operativo: Windows 8 Professional
Memoria instalada: 3.9 GB

Información del programa
Versión de Parasolid: 30.1.256
Versión de PSBodyShop: 30.1.94
Versión de Step Adapter: 4.0.40
Versión de Solid Edge: 219.00.01.006 x64

Opciones de importación de STEP
Importar cuerpos facetados: Activado
Importar cuerpos revisados: Desactivado
Importar curvas: Activado
Importar sin guardar: Activado
Importar varios cuerpos como archivo de una pieza: Activado
Importar superficies unidas: Activado
Importar sólidos booleanos: Activado
Crear operación base: Activado
Simplificar geometría: Activado
Importar curvas estampadas: Activado
Importar unidad de disco: C:
Importar superficies unidas: Activado
Importar superficies: Activado
Importar vía de acceso de salida: C:\Users\Francisco\Mis docs\Trabajo\Portfolio\Robot balancín\Archivos 3D
Importar con vía de acceso de salida predeterminada habilitada: Activado
Importar vía de acceso: 

Convirtiendo a tipos de datos Parasolid...
+Empezar conjunto: 1
+Creado archivo de conjunto SE C:\Users\Francisco\Mis docs\Trabajo\Portfolio\Robot balancín\Archivos 3D\DC motor.asm
|--+Creado archivo de pieza SE C:\Users\Francisco\Mis docs\Trabajo\Portfolio\Robot balancín\Archivos 3D\Moteur - Enveloppe partie 1 .par
|--+Creado archivo de pieza SE C:\Users\Francisco\Mis docs\Trabajo\Portfolio\Robot balancín\Archivos 3D\Moteur - Engrenage 1.par
|--+Creado archivo de pieza SE C:\Users\Francisco\Mis docs\Trabajo\Portfolio\Robot balancín\Archivos 3D\Moteur - Engrenage 2.par
|--+Creado archivo de pieza SE C:\Users\Francisco\Mis docs\Trabajo\Portfolio\Robot balancín\Archivos 3D\Moteur - Moteur.par
|--+Creado archivo de pieza SE C:\Users\Francisco\Mis docs\Trabajo\Portfolio\Robot balancín\Archivos 3D\Moteur - Axe engrenage.par
|--+Creado archivo de pieza SE C:\Users\Francisco\Mis docs\Trabajo\Portfolio\Robot balancín\Archivos 3D\Moteur - Vis.par
|--+Reutilizando archivo C:\Users\Francisco\Mis docs\Trabajo\Portfolio\Robot balancín\Archivos 3D\Moteur - Vis.par
|--+Creado archivo de pieza SE C:\Users\Francisco\Mis docs\Trabajo\Portfolio\Robot balancín\Archivos 3D\Moteur - Enveloppe partie 2.par
|--+Creado archivo de pieza SE C:\Users\Francisco\Mis docs\Trabajo\Portfolio\Robot balancín\Archivos 3D\Moteur - Maintien.par
|--+Creado archivo de pieza SE C:\Users\Francisco\Mis docs\Trabajo\Portfolio\Robot balancín\Archivos 3D\Moteur - Engrenage 3.par
|--+Creado archivo de pieza SE C:\Users\Francisco\Mis docs\Trabajo\Portfolio\Robot balancín\Archivos 3D\Moteur - Engrenage 4.par
+Piezas totales: 27
+Conjuntos: 0
+Cuerpos sólidos: 27
+Cuerpos de hoja: 0
+Terminar conjunto: 1
Proceso de conversión completado
Tiempo total requerido para convertir y posprocesar:00 : 00 : 08
