Traducción de Solid Edge a STL
Fecha: lunes,febrero 26,2024 07:22p. m.
Archivo fuente:C:\Users\Francisco\Mis docs\Trabajo\Portfolio\Robot balancín\Archivos 3D\soporte para motor.par
Archivo de salida: C:\Users\Francisco\Mis docs\Trabajo\Portfolio\Robot balancín\Archivos 3D\soporte para motor.stl
Sistema fuente: SOLID EDGE

Hardware:
Procesador: Intel(R) Pentium(R) CPU 3560M @ 2.40GHz
Sistema operativo: Windows 8 Professional
Memoria: 3,9 GB

Información sobre el software:
Versión de Parasolid: 30.1.256
Versión de BodyShop: 30.1.94
Versión de Solid Edge: 219.00.01.006 x64

Opciones de exportación de STL:
Formato de la carpeta de salida:BINARY
Exportar las piezas visualizadas: Desactivado
Opción estructural: Monolithic
Exportar unidades: Millimeter
Exportar el valor de la tolerancia:0,001000
Exportar el tipo de tolerancia: Fine
Exportar el valor del ángulo plano de superficie:0,523599

Avance en la traducción:
Fase 1 de 2 recuperando la información sobre Parasolid...
Fase 2 de 2 traduciendo Parasolid a tipos de datos externos...
Número de archivos STL creados: 1
Se completó el proceso de traducción
Tiempo necesario para traducir:00 : 00 : 00
