Conversión de STEP a Solid Edge
Fecha: viernes,marzo 01,2024 05:38a. m.
Archivo fuente: C:\Users\Francisco\Mis docs\Trabajo\Portfolio\Robot balancín\Archivos 3D\Encoder\Encoder2_PCB\Encoder óptico tipo 2.step
Autor: An Author
Organización: A Company
Sistema de origen: KiCad to STEP converter

Equipo:
Procesador: Intel(R) Pentium(R) CPU 3560M @ 2.40GHz
Sistema operativo: Windows 8 Professional
Memoria instalada: 3.9 GB

Información del programa
Versión de Parasolid: 30.1.256
Versión de PSBodyShop: 30.1.94
Versión de Step Adapter: 4.0.40
Versión de Solid Edge: 219.00.01.006 x64

Opciones de importación de STEP
Importar cuerpos facetados: Activado
Importar cuerpos revisados: Desactivado
Importar curvas: Activado
Importar sin guardar: Activado
Importar varios cuerpos como archivo de una pieza: Activado
Importar superficies unidas: Activado
Importar sólidos booleanos: Activado
Crear operación base: Activado
Simplificar geometría: Activado
Importar curvas estampadas: Activado
Importar unidad de disco: C:
Importar superficies unidas: Activado
Importar superficies: Activado
Importar vía de acceso de salida: C:\Users\Francisco\Mis docs\Trabajo\Portfolio\Robot balancín\Archivos 3D\Encoder\Encoder2_PCB
Importar con vía de acceso de salida predeterminada habilitada: Activado
Importar vía de acceso: 

Convirtiendo a tipos de datos Parasolid...
+Empezar conjunto: 1
+Creado archivo de conjunto SE C:\Users\Francisco\Mis docs\Trabajo\Portfolio\Robot balancín\Archivos 3D\Encoder\Encoder2_PCB\Encoder óptico tipo 2.asm
|--+Empezar conjunto: 2
|--+Creado archivo de conjunto SE C:\Users\Francisco\Mis docs\Trabajo\Portfolio\Robot balancín\Archivos 3D\Encoder\Encoder2_PCB\R_0805_2012Metric.asm
|  |--+Creado archivo de pieza SE C:\Users\Francisco\Mis docs\Trabajo\Portfolio\Robot balancín\Archivos 3D\Encoder\Encoder2_PCB\SOLID.par
|--+Piezas totales: 2
|--+Conjuntos: 0
|--+Cuerpos sólidos: 2
|--+Cuerpos de hoja: 0
|--+Terminar conjunto: 2
|--+Empezar conjunto: 2
|--+Creado archivo de conjunto SE C:\Users\Francisco\Mis docs\Trabajo\Portfolio\Robot balancín\Archivos 3D\Encoder\Encoder2_PCB\TCST1103.asm
|  |--+Creado archivo de pieza SE C:\Users\Francisco\Mis docs\Trabajo\Portfolio\Robot balancín\Archivos 3D\Encoder\Encoder2_PCB\COMPOUND.par
|--+Piezas totales: 10
|--+Conjuntos: 0
|--+Cuerpos sólidos: 10
|--+Cuerpos de hoja: 0
|--+Terminar conjunto: 2
|--+Empezar conjunto: 2
|--+Creado archivo de conjunto SE C:\Users\Francisco\Mis docs\Trabajo\Portfolio\Robot balancín\Archivos 3D\Encoder\Encoder2_PCB\C_0805_2012Metric.asm
|  |--+Creado archivo de pieza SE C:\Users\Francisco\Mis docs\Trabajo\Portfolio\Robot balancín\Archivos 3D\Encoder\Encoder2_PCB\SOLID_0.par
|--+Piezas totales: 2
|--+Conjuntos: 0
|--+Cuerpos sólidos: 2
|--+Cuerpos de hoja: 0
|--+Terminar conjunto: 2
|--+Empezar conjunto: 2
|--+Reutilizando archivo C:\Users\Francisco\Mis docs\Trabajo\Portfolio\Robot balancín\Archivos 3D\Encoder\Encoder2_PCB\R_0805_2012Metric.asm
|--+Piezas totales: 0
|--+Conjuntos: 0
|--+Cuerpos sólidos: 0
|--+Cuerpos de hoja: 0
|--+Terminar conjunto: 2
|--+Creado archivo de pieza SE C:\Users\Francisco\Mis docs\Trabajo\Portfolio\Robot balancín\Archivos 3D\Encoder\Encoder2_PCB\COMPOUND_0.par
+Piezas totales: 5
+Conjuntos: 3
+Cuerpos sólidos: 2
+Cuerpos de hoja: 0
+Terminar conjunto: 1
Proceso de conversión completado
Tiempo total requerido para convertir y posprocesar:00 : 00 : 04
